[    0.000000] Linux version 4.15.0-122-generic (buildd@lgw01-amd64-036) (gcc version 7.5.0 (Ubuntu 7.5.0-3ubuntu1~18.04)) #124-Ubuntu SMP Thu Oct 15 13:03:05 UTC 2020 (Ubuntu 4.15.0-122.124-generic 4.15.18)
[    0.000000] Command line: BOOT_IMAGE=/boot/vmlinuz-4.15.0-122-generic root=LABEL=cloudimg-rootfs ro console=tty1 console=ttyS0
[    0.000000] KERNEL supported cpus:
[    0.000000]   Intel GenuineIntel
[    0.000000]   AMD AuthenticAMD
[    0.000000]   Centaur CentaurHauls
[    0.000000] x86/fpu: Supporting XSAVE feature 0x001: 'x87 floating point registers'
[    0.000000] x86/fpu: Supporting XSAVE feature 0x002: 'SSE registers'
[    0.000000] x86/fpu: Supporting XSAVE feature 0x004: 'AVX registers'
[    0.000000] x86/fpu: xstate_offset[2]:  576, xstate_sizes[2]:  256
[    0.000000] x86/fpu: Enabled xstate features 0x7, context size is 832 bytes, using 'standard' format.
[    0.000000] e820: BIOS-provided physical RAM map:
[    0.000000] BIOS-e820: [mem 0x0000000000000000-0x000000000009fbff] usable
[    0.000000] BIOS-e820: [mem 0x000000000009fc00-0x000000000009ffff] reserved
[    0.000000] BIOS-e820: [mem 0x00000000000f0000-0x00000000000fffff] reserved
[    0.000000] BIOS-e820: [mem 0x0000000000100000-0x000000003ffeffff] usable
[    0.000000] BIOS-e820: [mem 0x000000003fff0000-0x000000003fffffff] ACPI data
[    0.000000] BIOS-e820: [mem 0x00000000fec00000-0x00000000fec00fff] reserved
[    0.000000] BIOS-e820: [mem 0x00000000fee00000-0x00000000fee00fff] reserved
[    0.000000] BIOS-e820: [mem 0x00000000fffc0000-0x00000000ffffffff] reserved
[    0.000000] NX (Execute Disable) protection: active
[    0.000000] SMBIOS 2.5 present.
[    0.000000] DMI: innotek GmbH VirtualBox/VirtualBox, BIOS VirtualBox 12/01/2006
[    0.000000] Hypervisor detected: KVM
[    0.000000] e820: last_pfn = 0x3fff0 max_arch_pfn = 0x400000000
[    0.000000] MTRR: Disabled
[    0.000000] x86/PAT: MTRRs disabled, skipping PAT initialization too.
[    0.000000] CPU MTRRs all blank - virtualized system.
[    0.000000] x86/PAT: Configuration [0-7]: WB  WT  UC- UC  WB  WT  UC- UC  
[    0.000000] found SMP MP-table at [mem 0x0009fff0-0x0009ffff]
[    0.000000] Scanning 1 areas for low memory corruption
[    0.000000] RAMDISK: [mem 0x35a65000-0x36d29fff]
[    0.000000] ACPI: Early table checksum verification disabled
[    0.000000] ACPI: RSDP 0x00000000000E0000 000024 (v02 VBOX  )
[    0.000000] ACPI: XSDT 0x000000003FFF0030 00003C (v01 VBOX   VBOXXSDT 00000001 ASL  00000061)
[    0.000000] ACPI: FACP 0x000000003FFF00F0 0000F4 (v04 VBOX   VBOXFACP 00000001 ASL  00000061)
[    0.000000] ACPI: DSDT 0x000000003FFF0470 002325 (v02 VBOX   VBOXBIOS 00000002 INTL 20120111)
[    0.000000] ACPI: FACS 0x000000003FFF0200 000040
[    0.000000] ACPI: FACS 0x000000003FFF0200 000040
[    0.000000] ACPI: APIC 0x000000003FFF0240 00005C (v02 VBOX   VBOXAPIC 00000001 ASL  00000061)
[    0.000000] ACPI: SSDT 0x000000003FFF02A0 0001CC (v01 VBOX   VBOXCPUT 00000002 INTL 20120111)
[    0.000000] No NUMA configuration found
[    0.000000] Faking a node at [mem 0x0000000000000000-0x000000003ffeffff]
[    0.000000] NODE_DATA(0) allocated [mem 0x3ffc5000-0x3ffeffff]
[    0.000000] kvm-clock: cpu 0, msr 0:3ff44001, primary cpu clock
[    0.000000] kvm-clock: Using msrs 4b564d01 and 4b564d00
[    0.000000] kvm-clock: using sched offset of 4423056779 cycles
[    0.000000] clocksource: kvm-clock: mask: 0xffffffffffffffff max_cycles: 0x1cd42e4dffb, max_idle_ns: 881590591483 ns
[    0.000000] Zone ranges:
[    0.000000]   DMA      [mem 0x0000000000001000-0x0000000000ffffff]
[    0.000000]   DMA32    [mem 0x0000000001000000-0x000000003ffeffff]
[    0.000000]   Normal   empty
[    0.000000]   Device   empty
[    0.000000] Movable zone start for each node
[    0.000000] Early memory node ranges
[    0.000000]   node   0: [mem 0x0000000000001000-0x000000000009efff]
[    0.000000]   node   0: [mem 0x0000000000100000-0x000000003ffeffff]
[    0.000000] Reserved but unavailable: 98 pages
[    0.000000] Initmem setup node 0 [mem 0x0000000000001000-0x000000003ffeffff]
[    0.000000] ACPI: PM-Timer IO Port: 0x4008
[    0.000000] IOAPIC[0]: apic_id 2, version 32, address 0xfec00000, GSI 0-23
[    0.000000] ACPI: INT_SRC_OVR (bus 0 bus_irq 0 global_irq 2 dfl dfl)
[    0.000000] ACPI: INT_SRC_OVR (bus 0 bus_irq 9 global_irq 9 low level)
[    0.000000] Using ACPI (MADT) for SMP configuration information
[    0.000000] smpboot: Allowing 2 CPUs, 0 hotplug CPUs
[    0.000000] PM: Registered nosave memory: [mem 0x00000000-0x00000fff]
[    0.000000] PM: Registered nosave memory: [mem 0x0009f000-0x0009ffff]
[    0.000000] PM: Registered nosave memory: [mem 0x000a0000-0x000effff]
[    0.000000] PM: Registered nosave memory: [mem 0x000f0000-0x000fffff]
[    0.000000] e820: [mem 0x40000000-0xfebfffff] available for PCI devices
[    0.000000] Booting paravirtualized kernel on KVM
[    0.000000] clocksource: refined-jiffies: mask: 0xffffffff max_cycles: 0xffffffff, max_idle_ns: 7645519600211568 ns
[    0.000000] random: get_random_bytes called from start_kernel+0x99/0x500 with crng_init=0
[    0.000000] setup_percpu: NR_CPUS:8192 nr_cpumask_bits:2 nr_cpu_ids:2 nr_node_ids:1
[    0.000000] percpu: Embedded 45 pages/cpu s147456 r8192 d28672 u1048576
[    0.000000] PV qspinlock hash table entries: 256 (order: 0, 4096 bytes)
[    0.000000] Built 1 zonelists, mobility grouping on.  Total pages: 257913
[    0.000000] Policy zone: DMA32
[    0.000000] Kernel command line: BOOT_IMAGE=/boot/vmlinuz-4.15.0-122-generic root=LABEL=cloudimg-rootfs ro console=tty1 console=ttyS0
[    0.000000] Memory: 983028K/1048120K available (12300K kernel code, 2482K rwdata, 4272K rodata, 2436K init, 2724K bss, 65092K reserved, 0K cma-reserved)
[    0.000000] SLUB: HWalign=64, Order=0-3, MinObjects=0, CPUs=2, Nodes=1
[    0.000000] Kernel/User page tables isolation: enabled
[    0.000000] ftrace: allocating 39402 entries in 154 pages
[    0.004000] Hierarchical RCU implementation.
[    0.004000] 	RCU restricting CPUs from NR_CPUS=8192 to nr_cpu_ids=2.
[    0.004000] 	Tasks RCU enabled.
[    0.004000] RCU: Adjusting geometry for rcu_fanout_leaf=16, nr_cpu_ids=2
[    0.004000] NR_IRQS: 524544, nr_irqs: 440, preallocated irqs: 16
[    0.004000] Console: colour VGA+ 80x25
[    0.004000] console [tty1] enabled
[    0.004000] console [ttyS0] enabled
[    0.004000] ACPI: Core revision 20170831
[    0.004000] ACPI: 2 ACPI AML tables successfully acquired and loaded
[    0.004000] APIC: Switch to symmetric I/O mode setup
[    0.004000] x2apic enabled
[    0.004000] Switched APIC routing to physical x2apic.
[    0.004000] ..TIMER: vector=0x30 apic1=0 pin1=2 apic2=-1 pin2=-1
[    0.004004] tsc: Detected 2712.000 MHz processor
[    0.005272] Calibrating delay loop (skipped) preset value.. 5424.00 BogoMIPS (lpj=10848000)
[    0.008003] pid_max: default: 32768 minimum: 301
[    0.008989] Security Framework initialized
[    0.009847] Yama: becoming mindful.
[    0.010617] AppArmor: AppArmor initialized
[    0.012042] Dentry cache hash table entries: 131072 (order: 8, 1048576 bytes)
[    0.014238] Inode-cache hash table entries: 65536 (order: 7, 524288 bytes)
[    0.016017] Mount-cache hash table entries: 2048 (order: 2, 16384 bytes)
[    0.017388] Mountpoint-cache hash table entries: 2048 (order: 2, 16384 bytes)
[    0.020373] Last level iTLB entries: 4KB 64, 2MB 8, 4MB 8
[    0.022165] Last level dTLB entries: 4KB 64, 2MB 0, 4MB 0, 1GB 4
[    0.024006] Spectre V1 : Mitigation: usercopy/swapgs barriers and __user pointer sanitization
[    0.026043] Spectre V2 : Mitigation: Full generic retpoline
[    0.027486] Spectre V2 : Spectre v2 / SpectreRSB mitigation: Filling RSB on context switch
[    0.028003] Speculative Store Bypass: Vulnerable
[    0.029641] SRBDS: Unknown: Dependent on hypervisor status
[    0.032003] MDS: Mitigation: Clear CPU buffers
[    0.033128] Freeing SMP alternatives memory: 36K
[    0.144360] smpboot: CPU0: Intel(R) Core(TM) i7-6820HQ CPU @ 2.70GHz (family: 0x6, model: 0x5e, stepping: 0x3)
[    0.147150] Performance Events: unsupported p6 CPU model 94 no PMU driver, software events only.
[    0.148031] Hierarchical SRCU implementation.
[    0.149636] NMI watchdog: Perf event create on CPU 0 failed with -2
[    0.152001] NMI watchdog: Perf NMI watchdog permanently disabled
[    0.153263] smp: Bringing up secondary CPUs ...
[    0.154281] x86: Booting SMP configuration:
[    0.155636] .... node  #0, CPUs:      #1
[    0.004000] kvm-clock: cpu 1, msr 0:3ff44041, secondary cpu clock
[    0.160019] smp: Brought up 1 node, 2 CPUs
[    0.160911] smpboot: Max logical packages: 1
[    0.161939] smpboot: Total of 2 processors activated (10848.00 BogoMIPS)
[    0.164122] devtmpfs: initialized
[    0.165049] x86/mm: Memory block size: 128MB
[    0.166078] evm: security.selinux
[    0.167045] evm: security.SMACK64
[    0.168003] evm: security.SMACK64EXEC
[    0.168809] evm: security.SMACK64TRANSMUTE
[    0.169711] evm: security.SMACK64MMAP
[    0.170668] evm: security.apparmor
[    0.171409] evm: security.ima
[    0.172003] evm: security.capability
[    0.172834] clocksource: jiffies: mask: 0xffffffff max_cycles: 0xffffffff, max_idle_ns: 7645041785100000 ns
[    0.173987] futex hash table entries: 512 (order: 3, 32768 bytes)
[    0.177543] pinctrl core: initialized pinctrl subsystem
[    0.178734] RTC time: 17:49:19, date: 11/09/20
[    0.180229] NET: Registered protocol family 16
[    0.181232] audit: initializing netlink subsys (disabled)
[    0.182378] audit: type=2000 audit(1604944165.725:1): state=initialized audit_enabled=0 res=1
[    0.184012] cpuidle: using governor ladder
[    0.184981] cpuidle: using governor menu
[    0.185855] ACPI: bus type PCI registered
[    0.186778] acpiphp: ACPI Hot Plug PCI Controller Driver version: 0.5
[    0.188174] PCI: Using configuration type 1 for base access
[    0.192902] HugeTLB registered 2.00 MiB page size, pre-allocated 0 pages
[    0.193407] ACPI: Added _OSI(Module Device)
[    0.193407] ACPI: Added _OSI(Processor Device)
[    0.196005] ACPI: Added _OSI(3.0 _SCP Extensions)
[    0.197254] ACPI: Added _OSI(Processor Aggregator Device)
[    0.198375] ACPI: Added _OSI(Linux-Dell-Video)
[    0.200013] ACPI: Added _OSI(Linux-Lenovo-NV-HDMI-Audio)
[    0.201527] ACPI: Added _OSI(Linux-HPI-Hybrid-Graphics)
[    0.204399] ACPI: Executed 1 blocks of module-level executable AML code
[    0.209206] ACPI: Interpreter enabled
[    0.210467] ACPI: (supports S0 S5)
[    0.211216] ACPI: Using IOAPIC for interrupt routing
[    0.212233] PCI: Using host bridge windows from ACPI; if necessary, use "pci=nocrs" and report a bug
[    0.214383] ACPI: Enabled 2 GPEs in block 00 to 07
[    0.222979] ACPI: PCI Root Bridge [PCI0] (domain 0000 [bus 00-ff])
[    0.224017] acpi PNP0A03:00: _OSC: OS supports [ASPM ClockPM Segments MSI]
[    0.226385] acpi PNP0A03:00: _OSC: not requesting OS control; OS requires [ExtendedConfig ASPM ClockPM MSI]
[    0.228023] acpi PNP0A03:00: fail to add MMCONFIG information, can't access extended PCI configuration space under this bridge.
[    0.232676] PCI host bridge to bus 0000:00
[    0.233890] pci_bus 0000:00: root bus resource [io  0x0000-0x0cf7 window]
[    0.236005] pci_bus 0000:00: root bus resource [io  0x0d00-0xffff window]
[    0.237693] pci_bus 0000:00: root bus resource [mem 0x000a0000-0x000bffff window]
[    0.240007] pci_bus 0000:00: root bus resource [mem 0x40000000-0xfdffffff window]
[    0.242062] pci_bus 0000:00: root bus resource [bus 00-ff]
[    0.248293] pci 0000:00:01.1: legacy IDE quirk: reg 0x10: [io  0x01f0-0x01f7]
[    0.249979] pci 0000:00:01.1: legacy IDE quirk: reg 0x14: [io  0x03f6]
[    0.251426] pci 0000:00:01.1: legacy IDE quirk: reg 0x18: [io  0x0170-0x0177]
[    0.252004] pci 0000:00:01.1: legacy IDE quirk: reg 0x1c: [io  0x0376]
[    0.272429] pci 0000:00:07.0: quirk: [io  0x4000-0x403f] claimed by PIIX4 ACPI
[    0.274246] pci 0000:00:07.0: quirk: [io  0x4100-0x410f] claimed by PIIX4 SMB
[    0.282795] ACPI: PCI Interrupt Link [LNKA] (IRQs 5 9 10 *11)
[    0.284337] ACPI: PCI Interrupt Link [LNKB] (IRQs 5 9 *10 11)
[    0.285769] ACPI: PCI Interrupt Link [LNKC] (IRQs 5 *9 10 11)
[    0.287181] ACPI: PCI Interrupt Link [LNKD] (IRQs 5 9 10 *11)
[    0.288394] SCSI subsystem initialized
[    0.289303] pci 0000:00:02.0: vgaarb: setting as boot VGA device
[    0.290009] pci 0000:00:02.0: vgaarb: VGA device added: decodes=io+mem,owns=io+mem,locks=none
[    0.292007] pci 0000:00:02.0: vgaarb: bridge control possible
[    0.293244] vgaarb: loaded
[    0.296044] ACPI: bus type USB registered
[    0.296988] usbcore: registered new interface driver usbfs
[    0.298491] usbcore: registered new interface driver hub
[    0.299626] usbcore: registered new device driver usb
[    0.300059] EDAC MC: Ver: 3.0.0
[    0.301309] PCI: Using ACPI for IRQ routing
[    0.304423] NetLabel: Initializing
[    0.305504] NetLabel:  domain hash size = 128
[    0.306640] NetLabel:  protocols = UNLABELED CIPSOv4 CALIPSO
[    0.308025] NetLabel:  unlabeled traffic allowed by default
[    0.309857] clocksource: Switched to clocksource kvm-clock
[    0.322366] VFS: Disk quotas dquot_6.6.0
[    0.323692] VFS: Dquot-cache hash table entries: 512 (order 0, 4096 bytes)
[    0.325787] AppArmor: AppArmor Filesystem Enabled
[    0.327009] pnp: PnP ACPI init
[    0.329524] pnp: PnP ACPI: found 3 devices
[    0.339850] clocksource: acpi_pm: mask: 0xffffff max_cycles: 0xffffff, max_idle_ns: 2085701024 ns
[    0.342423] NET: Registered protocol family 2
[    0.343723] TCP established hash table entries: 8192 (order: 4, 65536 bytes)
[    0.345492] TCP bind hash table entries: 8192 (order: 5, 131072 bytes)
[    0.348765] TCP: Hash tables configured (established 8192 bind 8192)
[    0.350519] UDP hash table entries: 512 (order: 2, 16384 bytes)
[    0.351963] UDP-Lite hash table entries: 512 (order: 2, 16384 bytes)
[    0.353661] NET: Registered protocol family 1
[    0.354777] pci 0000:00:00.0: Limiting direct PCI/PCI transfers
[    0.356278] pci 0000:00:01.0: Activating ISA DMA hang workarounds
[    0.357865] pci 0000:00:02.0: Video device with shadowed ROM at [mem 0x000c0000-0x000dffff]
[    0.360359] Unpacking initramfs...
[    0.700783] Freeing initrd memory: 19220K
[    0.702264] clocksource: tsc: mask: 0xffffffffffffffff max_cycles: 0x2717868ea45, max_idle_ns: 440795316085 ns
[    0.705153] platform rtc_cmos: registered platform RTC device (no PNP device found)
[    0.707542] Scanning for low memory corruption every 60 seconds
[    0.709820] Initialise system trusted keyrings
[    0.710946] Key type blacklist registered
[    0.712342] workingset: timestamp_bits=36 max_order=18 bucket_order=0
[    0.715359] zbud: loaded
[    0.716869] squashfs: version 4.0 (2009/01/31) Phillip Lougher
[    0.718502] fuse init (API version 7.26)
[    0.722257] Key type asymmetric registered
[    0.723266] Asymmetric key parser 'x509' registered
[    0.724512] Block layer SCSI generic (bsg) driver version 0.4 loaded (major 246)
[    0.726297] io scheduler noop registered
[    0.727188] io scheduler deadline registered
[    0.728143] io scheduler cfq registered (default)
[    0.730191] ACPI: AC Adapter [AC] (off-line)
[    0.731613] input: Power Button as /devices/LNXSYSTM:00/LNXPWRBN:00/input/input0
[    0.733373] ACPI: Power Button [PWRF]
[    0.734232] input: Sleep Button as /devices/LNXSYSTM:00/LNXSLPBN:00/input/input1
[    0.735782] ACPI: Sleep Button [SLPF]
[    0.738018] ACPI: Battery Slot [BAT0] (battery present)
[    0.739615] Serial: 8250/16550 driver, 32 ports, IRQ sharing enabled
[    0.762456] 00:02: ttyS0 at I/O 0x3f8 (irq = 4, base_baud = 115200) is a 16550A
[    0.766905] Linux agpgart interface v0.103
[    0.769873] loop: module loaded
[    0.771130] scsi host0: ata_piix
[    0.772050] scsi host1: ata_piix
[    0.772786] ata1: PATA max UDMA/33 cmd 0x1f0 ctl 0x3f6 bmdma 0xd000 irq 14
[    0.774695] ata2: PATA max UDMA/33 cmd 0x170 ctl 0x376 bmdma 0xd008 irq 15
[    0.777121] libphy: Fixed MDIO Bus: probed
[    0.778008] tun: Universal TUN/TAP device driver, 1.6
[    0.779500] PPP generic driver version 2.4.2
[    0.780752] ehci_hcd: USB 2.0 'Enhanced' Host Controller (EHCI) Driver
[    0.782296] ehci-pci: EHCI PCI platform driver
[    0.783248] ehci-platform: EHCI generic platform driver
[    0.784374] ohci_hcd: USB 1.1 'Open' Host Controller (OHCI) Driver
[    0.785635] ohci-pci: OHCI PCI platform driver
[    0.786695] ohci-platform: OHCI generic platform driver
[    0.787847] uhci_hcd: USB Universal Host Controller Interface driver
[    0.789565] i8042: PNP: PS/2 Controller [PNP0303:PS2K,PNP0f03:PS2M] at 0x60,0x64 irq 1,12
[    0.791669] serio: i8042 KBD port at 0x60,0x64 irq 1
[    0.793154] serio: i8042 AUX port at 0x60,0x64 irq 12
[    0.794428] mousedev: PS/2 mouse device common for all mice
[    0.796189] input: AT Translated Set 2 keyboard as /devices/platform/i8042/serio0/input/input2
[    0.798119] rtc_cmos rtc_cmos: rtc core: registered rtc_cmos as rtc0
[    0.799462] rtc_cmos rtc_cmos: alarms up to one day, 114 bytes nvram
[    0.800804] i2c /dev entries driver
[    0.801601] device-mapper: uevent: version 1.0.3
[    0.802831] device-mapper: ioctl: 4.37.0-ioctl (2017-09-20) initialised: dm-devel@redhat.com
[    0.805017] ledtrig-cpu: registered to indicate activity on CPUs
[    0.806616] NET: Registered protocol family 10
[    0.811244] Segment Routing with IPv6
[    0.812313] NET: Registered protocol family 17
[    0.813797] Key type dns_resolver registered
[    0.814914] mce: Using 0 MCE banks
[    0.815778] RAS: Correctable Errors collector initialized.
[    0.817081] sched_clock: Marking stable (817058162, 0)->(989669458, -172611296)
[    0.819008] registered taskstats version 1
[    0.820153] Loading compiled-in X.509 certificates
[    0.823667] Loaded X.509 cert 'Build time autogenerated kernel key: 1ac9abf9980c816fb9cfffb58ec8b2f33f2baf04'
[    0.825787] zswap: loaded using pool lzo/zbud
[    0.830314] Key type big_key registered
[    0.831312] Key type trusted registered
[    0.833722] Key type encrypted registered
[    0.834580] AppArmor: AppArmor sha1 policy hashing enabled
[    0.835715] ima: No TPM chip found, activating TPM-bypass! (rc=-19)
[    0.837053] ima: Allocated hash algorithm: sha1
[    0.838022] evm: HMAC attrs: 0x1
[    0.839617]   Magic number: 12:298:845
[    0.840547] rtc_cmos rtc_cmos: setting system clock to 2020-11-09 17:49:20 UTC (1604944160)
[    0.842393] BIOS EDD facility v0.16 2004-Jun-25, 0 devices found
[    0.843694] EDD information not available.
[    0.962961] Freeing unused kernel image memory: 2436K
[    0.976535] Write protecting the kernel read-only data: 20480k
[    0.979840] Freeing unused kernel image memory: 2008K
[    0.981943] Freeing unused kernel image memory: 1872K
[    0.990606] x86/mm: Checked W+X mappings: passed, no W+X pages found.
[    0.992511] x86/mm: Checking user space page tables
[    1.001092] x86/mm: Checked W+X mappings: passed, no W+X pages found.
Loading, please wait...
starting version 237
[    1.082206] e1000: Intel(R) PRO/1000 Network Driver - version 7.3.21-k8-NAPI
[    1.084823] e1000: Copyright (c) 1999-2006 Intel Corporation.
[    1.087559] Fusion MPT base driver 3.04.20
[    1.089494] Copyright (c) 1999-2008 LSI Corporation
[    1.098056] Fusion MPT SPI Host driver 3.04.20
[    1.109600] AVX2 version of gcm_enc/dec engaged.
[    1.111195] AES CTR mode by8 optimization enabled
[    1.298813] input: ImExPS/2 Generic Explorer Mouse as /devices/platform/i8042/serio1/input/input4
[    1.518944] e1000 0000:00:03.0 eth0: (PCI:33MHz:32-bit) 02:b0:7e:28:3d:e6
[    1.521121] e1000 0000:00:03.0 eth0: Intel(R) PRO/1000 Network Connection
[    1.523928] mptbase: ioc0: Initiating bringup
[    1.524763] e1000 0000:00:03.0 enp0s3: renamed from eth0
[    1.620553] ioc0: LSI53C1030 A0: Capabilities={Initiator}
[    1.880759] scsi host2: ioc0: LSI53C1030 A0, FwRev=00000000h, Ports=1, MaxQ=256, IRQ=20
[    2.048504] scsi 2:0:0:0: Direct-Access     VBOX     HARDDISK         1.0  PQ: 0 ANSI: 5
[    2.084511] scsi target2:0:0: Beginning Domain Validation
[    2.087297] scsi target2:0:0: Domain Validation skipping write tests
[    2.089172] scsi target2:0:0: Ending Domain Validation
[    2.090603] scsi target2:0:0: asynchronous
[    2.091761] scsi 2:0:1:0: Direct-Access     VBOX     HARDDISK         1.0  PQ: 0 ANSI: 5
[    2.720435] scsi target2:0:1: Beginning Domain Validation
[    2.725306] random: fast init done
[    2.727190] scsi target2:0:1: Domain Validation skipping write tests
[    2.728920] scsi target2:0:1: Ending Domain Validation
[    2.730452] scsi target2:0:1: asynchronous
[    2.734798] sd 2:0:0:0: Attached scsi generic sg0 type 0
[    2.734835] random: systemd-udevd: uninitialized urandom read (16 bytes read)
[    2.736115] sd 2:0:1:0: Attached scsi generic sg1 type 0
[    2.737475] random: systemd-udevd: uninitialized urandom read (16 bytes read)
[    2.740867] random: systemd-udevd: uninitialized urandom read (16 bytes read)
[    2.742716] sd 2:0:0:0: [sda] 20971520 512-byte logical blocks: (10.7 GB/10.0 GiB)
[    2.744425] sd 2:0:1:0: [sdb] 20480 512-byte logical blocks: (10.5 MB/10.0 MiB)
[    2.746046] sd 2:0:0:0: [sda] Write Protect is off
[    2.747100] sd 2:0:1:0: [sdb] Write Protect is off
[    2.748360] sd 2:0:0:0: [sda] Incomplete mode parameter data
[    2.749942] sd 2:0:0:0: [sda] Assuming drive cache: write through
[    2.751392] sd 2:0:1:0: [sdb] Incomplete mode parameter data
[    2.752932] sd 2:0:1:0: [sdb] Assuming drive cache: write through
[    2.757423]  sda: sda1
[    2.758793] sd 2:0:0:0: [sda] Attached SCSI disk
[    2.759904] sd 2:0:1:0: [sdb] Attached SCSI disk
Begin: Loading essential drivers ... [    4.196018] raid6: sse2x1   gen() 11070 MB/s
[    4.244173] raid6: sse2x1   xor()  7920 MB/s
[    4.292255] raid6: sse2x2   gen() 13785 MB/s
[    4.340254] raid6: sse2x2   xor()  9419 MB/s
[    4.388271] raid6: sse2x4   gen() 15766 MB/s
[    4.436203] raid6: sse2x4   xor() 10020 MB/s
[    4.484041] raid6: avx2x1   gen() 22268 MB/s
[    4.532018] raid6: avx2x1   xor() 15476 MB/s
[    4.580648] raid6: avx2x2   gen() 25065 MB/s
[    4.628029] raid6: avx2x2   xor() 16456 MB/s
[    4.676015] raid6: avx2x4   gen() 30166 MB/s
[    4.724217] raid6: avx2x4   xor() 18886 MB/s
[    4.725564] raid6: using algorithm avx2x4 gen() 30166 MB/s
[    4.726825] raid6: .... xor() 18886 MB/s, rmw enabled
[    4.728193] raid6: using avx2x2 recovery algorithm
[    4.731061] xor: automatically using best checksumming function   avx       
[    4.734633] async_tx: api initialized (async)
done.
Begin: Running /scripts/init-premount ... done.
Begin: Mounting root file system ... Begin: Running /scripts/local-top ... done.
Begin: Running /scripts/local-premount ... [    4.791603] Btrfs loaded, crc32c=crc32c-intel
Scanning for Btrfs filesystems
done.
Warning: fsck not present, so skipping root file system
[    4.844664] EXT4-fs (sda1): mounted filesystem with ordered data mode. Opts: (null)
done.
Begin: Running /scripts/local-bottom ... done.
Begin: Running /scripts/init-bottom ... done.
[    5.026803] ip_tables: (C) 2000-2006 Netfilter Core Team
[    5.037890] systemd[1]: systemd 237 running in system mode. (+PAM +AUDIT +SELINUX +IMA +APPARMOR +SMACK +SYSVINIT +UTMP +LIBCRYPTSETUP +GCRYPT +GNUTLS +ACL +XZ +LZ4 +SECCOMP +BLKID +ELFUTILS +KMOD -IDN2 +IDN -PCRE2 default-hierarchy=hybrid)
[    5.042657] systemd[1]: Detected virtualization oracle.
[    5.043750] systemd[1]: Detected architecture x86-64.

Welcome to [1mUbuntu 18.04.5 LTS[0m!

[    5.053669] systemd[1]: Set hostname to <ubuntu>.
[    5.062151] systemd[1]: Initializing machine ID from random generator.
[    5.063958] systemd[1]: Installed transient /etc/machine-id file.
[    5.295039] systemd[1]: Started Forward Password Requests to Wall Directory Watch.
[[0;32m  OK  [0m] Started Forward Password Requests to Wall Directory Watch.
[    5.298190] systemd[1]: Set up automount Arbitrary Executable File Formats File System Automount Point.
[[0;32m  OK  [0m] Set up automount Arbitrary Executabâ€¦rmats File System Automount Point.
[    5.301391] systemd[1]: Reached target System Time Synchronized.
[[0;32m  OK  [0m] Reached target System Time Synchronized.
[    5.306124] systemd[1]: Created slice System Slice.
[[0;32m  OK  [0m] Created slice System Slice.
[[0;32m  OK  [0m] Listening on udev Kernel Socket.
[[0;32m  OK  [0m] Listening on Journal Socket (/dev/log).
[[0;32m  OK  [0m] Listening on LVM2 metadata daemon socket.
[[0;32m  OK  [0m] Listening on Syslog Socket.
[[0;32m  OK  [0m] Listening on Device-mapper event daemon FIFOs.
[[0;32m  OK  [0m] Listening on LVM2 poll daemon socket.
[[0;32m  OK  [0m] Reached target User and Group Name Lookups.
[[0;32m  OK  [0m] Listening on Network Service Netlink Socket.
[[0;32m  OK  [0m] Created slice system-serial\x2dgetty.slice.
[[0;32m  OK  [0m] Created slice User and Session Slice.
[[0;32m  OK  [0m] Reached target Slices.
[[0;32m  OK  [0m] Listening on Journal Socket.
         Starting Load Kernel Modules...
         Mounting Huge Pages File System...
[    5.423701] Loading iSCSI transport class v2.0-870.
         Starting Monitoring of LVM2 mirrorsâ€¦ng dmeventd or progress polling...
         Starting Remount Root and Kernel File Systems...
         Mounting Kernel Debug File System...
[    5.436486] iscsi: registered transport (tcp)
         Mounting POSIX Message Queue File System...
         Starting Create list of required stâ€¦ce nodes for the current kernel...
[    5.515979] iscsi: registered transport (iser)
[    5.518114] EXT4-fs (sda1): re-mounted. Opts: (null)
         Starting Uncomplicated firewall...
         Starting Set the console keyboard layout...
[[0;32m  OK  [0m] Listening on /dev/initctl Compatibility Named Pipe.
[[0;32m  OK  [0m] Listening on Journal Audit Socket.
         Starting Journal Service...
[[0;32m  OK  [0m] Reached target Swap.
[[0;32m  OK  [0m] Listening on udev Control Socket.
         Starting udev Coldplug all Devices...
[[0;32m  OK  [0m] Started Load Kernel Modules.
[[0;32m  OK  [0m] Mounted Huge Pages File System.
[[0;32m  OK  [0m] Started Remount Root and Kernel File Systems.
[[0;32m  OK  [0m] Mounted Kernel Debug File System.
[[0;32m  OK  [0m] Mounted POSIX Message Queue File System.
[[0;32m  OK  [0m] Started Journal Service.
[[0;32m  OK  [0m] Started Create list of required staâ€¦vice nodes for the current kernel.
[[0;32m  OK  [0m] Started Uncomplicated firewall.
[[0;32m  OK  [0m] Started LVM2 metadata daemon.
         Starting Create Static Device Nodes in /dev...
         Starting Load/Save Random Seed...
         Starting Flush Journal to Persistent Storage...
         Mounting Kernel Configuration File System...
         Mounting FUSE Control File System...
         Starting Apply Kernel Variables...
[[0;32m  OK  [0m] Started Monitoring of LVM2 mirrors,â€¦sing dmeventd or progress polling.
[[0;32m  OK  [0m] Started Set the console keyboard layout.
[[0;32m  OK  [0m] Started udev Coldplug all Devices.
[[0;32m  OK  [0m] Started Load/Save Random Seed.
[[0;32m  OK  [0m] Mounted Kernel Configuration File System.
[[0;32m  OK  [0m] Mounted FUSE Control File System.
[    5.713486] systemd-journald[428]: Received request to flush runtime journal from PID 1
[[0;32m  OK  [0m] Started Create Static Device Nodes in /dev.
         Starting udev Kernel Device Manager...
[[0;32m  OK  [0m] Reached target Local File Systems (Pre).
[[0;32m  OK  [0m] Reached target Local File Systems.
         Starting Tell Plymouth To Write Out Runtime Data...
         Starting ebtables ruleset management...
         Starting AppArmor initialization...
         Starting Set console font and keymap...
         Starting Commit a transient machine-id on disk...
[[0;32m  OK  [0m] Started Apply Kernel Variables.
[[0;32m  OK  [0m] Started udev Kernel Device Manager.
[[0;32m  OK  [0m] Started Dispatch Password Requests to Console Directory Watch.
[[0;32m  OK  [0m] Reached target Local Encrypted Volumes.
[[0;32m  OK  [0m] Started Tell Plymouth To Write Out Runtime Data.
[[0;32m  OK  [0m] Started Flush Journal to Persistent Storage.
         Starting Create Volatile Files and Directories...
[[0;32m  OK  [0m] Started Set console font and keymap.
[[0;32m  OK  [0m] Started Commit a transient machine-id on disk.
[[0;32m  OK  [0m] Started Create Volatile Files and Directories.
         Starting Update UTMP about System Boot/Shutdown...
[[0;32m  OK  [0m] Started Update UTMP about System Boot/Shutdown.
[[0;32m  OK  [0m] Started ebtables ruleset management.
[[0;32m  OK  [0m] Found device /dev/ttyS0.
[[0;32m  OK  [0m] Listening on Load/Save RF Kill Switch Status /dev/rfkill Watch.
[[0;32m  OK  [0m] Started AppArmor initialization.
         Starting Load AppArmor profiles managed internally by snapd...
         Starting Initial cloud-init job (pre-networking)...
[[0;32m  OK  [0m] Started Load AppArmor profiles managed internally by snapd.
[    8.062412] cloud-init[570]: Cloud-init v. 20.3-2-g371b392c-0ubuntu1~18.04.1 running 'init-local' at Mon, 09 Nov 2020 17:49:27 +0000. Up 7.68 seconds.
[[0;32m  OK  [0m] Started Initial cloud-init job (pre-networking).
[[0;32m  OK  [0m] Reached target Network (Pre).
         Starting Network Service...
[[0;32m  OK  [0m] Started Network Service.
         Starting Wait for Network to be Configured...
         Starting Network Name Resolution...
[[0;32m  OK  [0m] Started Network Name Resolution.
[[0;32m  OK  [0m] Reached target Network.
[[0;32m  OK  [0m] Reached target Host and Network Name Lookups.
[[0;32m  OK  [0m] Started Wait for Network to be Configured.
         Starting Initial cloud-init job (metadata service crawler)...
[   10.583564] cloud-init[705]: Cloud-init v. 20.3-2-g371b392c-0ubuntu1~18.04.1 running 'init' at Mon, 09 Nov 2020 17:49:30 +0000. Up 10.42 seconds.
[   10.584792] cloud-init[705]: ci-info: ++++++++++++++++++++++++++++++++++++++Net device info++++++++++++++++++++++++++++++++++++++
[   10.586636] cloud-init[705]: ci-info: +--------+------+----------------------------+---------------+--------+-------------------+
[   10.587843] cloud-init[705]: ci-info: | Device |  Up  |          Address           |      Mask     | Scope  |     Hw-Address    |
[   10.589425] cloud-init[705]: ci-info: +--------+------+----------------------------+---------------+--------+-------------------+
[   10.604303] cloud-init[705]: ci-info: | enp0s3 | True |         10.0.2.15          | 255.255.255.0 | global | 02:b0:7e:28:3d:e6 |
[   10.616267] cloud-init[705]: ci-info: | enp0s3 | True | fe80::b0:7eff:fe28:3de6/64 |       .       |  link  | 02:b0:7e:28:3d:e6 |
[   10.618722] cloud-init[705]: ci-info: |   lo   | True |         127.0.0.1          |   255.0.0.0   |  host  |         .         |
[   10.621208] cloud-init[705]: ci-info: |   lo   | True |          ::1/128           |       .       |  host  |         .         |
[   10.623626] cloud-init[705]: ci-info: +--------+------+----------------------------+---------------+--------+-------------------+
[   10.625971] cloud-init[705]: ci-info: ++++++++++++++++++++++++++++Route IPv4 info+++++++++++++++++++++++++++++
[   10.627674] cloud-init[705]: ci-info: +-------+-------------+----------+-----------------+-----------+-------+
[   10.629423] cloud-init[705]: ci-info: | Route | Destination | Gateway  |     Genmask     | Interface | Flags |
[   10.640414] cloud-init[705]: ci-info: +-------+-------------+----------+-----------------+-----------+-------+
[   10.641489] cloud-init[705]: ci-info: |   0   |   0.0.0.0   | 10.0.2.2 |     0.0.0.0     |   enp0s3  |   UG  |
[   10.642530] cloud-init[705]: ci-info: |   1   |   10.0.2.0  | 0.0.0.0  |  255.255.255.0  |   enp0s3  |   U   |
[   10.644154] cloud-init[705]: ci-info: |   2   |   10.0.2.2  | 0.0.0.0  | 255.255.255.255 |   enp0s3  |   UH  |
[   10.646106] cloud-init[705]: ci-info: +-------+-------------+----------+-----------------+-----------+-------+
[   10.649647] cloud-init[705]: ci-info: +++++++++++++++++++Route IPv6 info+++++++++++++++++++
[   10.652266] cloud-init[705]: ci-info: +-------+-------------+---------+-----------+-------+
[   10.664283] cloud-init[705]: ci-info: | Route | Destination | Gateway | Interface | Flags |
[   10.666914] cloud-init[705]: ci-info: +-------+-------------+---------+-----------+-------+
[   10.669858] cloud-init[705]: ci-info: |   1   |  fe80::/64  |    ::   |   enp0s3  |   U   |
[   10.674205] cloud-init[705]: ci-info: |   3   |    local    |    ::   |   enp0s3  |   U   |
[   10.678112] cloud-init[705]: ci-info: |   4   |   ff00::/8  |    ::   |   enp0s3  |   U   |
[   10.680719] cloud-init[705]: ci-info: +-------+-------------+---------+-----------+-------+
[   12.413564] cloud-init[705]: Generating public/private rsa key pair.
[   12.424541] cloud-init[705]: Your identification has been saved in /etc/ssh/ssh_host_rsa_key.
[   12.427075] cloud-init[705]: Your public key has been saved in /etc/ssh/ssh_host_rsa_key.pub.
[   12.430255] cloud-init[705]: The key fingerprint is:
[   12.431800] cloud-init[705]: SHA256:fKr+m2ztgCKfhlqBOKcDntwzxjCZGOD26JS3xVwp7aU root@ubuntu-bionic
[   12.433696] cloud-init[705]: The key's randomart image is:
[   12.434923] cloud-init[705]: +---[RSA 2048]----+
[   12.435990] cloud-init[705]: |.                |
[   12.437037] cloud-init[705]: |o     . .        |
[   12.448760] cloud-init[705]: |.o   . + .       |
[   12.450549] cloud-init[705]: |+o* o +.o        |
[   12.452388] cloud-init[705]: |*Ooo + ES .      |
[   12.454014] cloud-init[705]: |*+B.o  . o       |
[   12.455917] cloud-init[705]: |o=oO. . o.       |
[   12.468680] cloud-init[705]: | ooo+o o.o.      |
[   12.470106] cloud-init[705]: |.. .o.oo=o.      |
[   12.480381] cloud-init[705]: +----[SHA256]-----+
[   12.482092] cloud-init[705]: Generating public/private dsa key pair.
[   12.483473] cloud-init[705]: Your identification has been saved in /etc/ssh/ssh_host_dsa_key.
[   12.485481] cloud-init[705]: Your public key has been saved in /etc/ssh/ssh_host_dsa_key.pub.
[   12.496597] cloud-init[705]: The key fingerprint is:
[   12.497946] cloud-init[705]: SHA256:/OmoleVF0Z3sK8LaxmzN6gWp0k0UsHt0cyRyjBbg9/0 root@ubuntu-bionic
[   12.499850] cloud-init[705]: The key's randomart image is:
[   12.501192] cloud-init[705]: +---[DSA 1024]----+
[   12.502349] cloud-init[705]: |         oo+=+.o.|
[   12.503439] cloud-init[705]: |        . .o+o+o.|
[   12.504797] cloud-init[705]: |         o.+.o.. |
[   12.506798] cloud-init[705]: |       .  =.+ +. |
[   12.508169] cloud-init[705]: |        S.o=.. ..|
[   12.520458] cloud-init[705]: |        .===.. ..|
[   12.521268] cloud-init[705]: |       .ooO.+.. E|
[   12.522698] cloud-init[705]: |       ..+ *.o   |
[[   12.532820] [0;32m  OK  [0mcloud-init[705]: ] |      ... =o.    |Started Initial cloud-init job (metadata service crawler).

[   12.532913] cloud-init[705]: +----[SHA256]-----+
[   12.545724] cloud-init[705]: Generating public/private ecdsa key pair.
[[0;32m  OK  [0m[   12.547033] ] cloud-initReached target Cloud-config availability.[705]: 
Your identification has been saved in /etc/ssh/ssh_host_ecdsa_key.
[   12.549425] cloud-init[705]: Your public key has been saved in /etc/ssh/ssh_host_ecdsa_key.pub.
[   12.549498] cloud-init[705]: The key fingerprint is:
[[0;32m  OK  [0m] Reached target Network is Online.
[   12.553593] cloud-init[705]: SHA256:TamOSd9bcc57Hm6an0bHKH1v6PamPB48jV/w78CvLck root@ubuntu-bionic
[   12.555810] cloud-init[705]: The key's randomart image is:
[   12.557295] cloud-init[705]: +---[ECDSA 256]---+
[   12.558781] cloud-init[705]: |                 |
[   12.559750] cloud-init[705]: |           .     |
[   12.560533] cloud-init[705]: |          o      |
[   12.564840] cloud-init[705]: |         +       |
         Starting Availability of block devices...
[   12.574419] cloud-init[705]: |      . S . ..oo |
[[0;32m  OK  [0m] Reached target Remote File Systems (Pre).
[[0;32m  OK  [0m] Reached target Remote File Systems.
[[0;32m  OK  [0m] Reached target System Initialization.
[   12.578536] cloud-init[705]: |     . = .  .Bo*+|
[[0;32m  OK  [0m] Started Daily apt download activities.
[[0;32m  OK  [0m] Started Daily apt upgrade and clean activities.
[   12.583181] cloud-init[705]: |      o o . .o@=*|[[0;32m  OK  [0m] Started ACPI Events Check.
[[0;32m  OK  [0m] Started Message of the Day.

[[0;32m  OK  [0m[   12.589060] cloud-init[705]: |           o .E@X|
[   12.589609] cloud-init[705]: |          .  *%/O|
[   12.591035] cloud-init[705]: +----[SHA256]-----+
] Listening on D-Bus System Message Bus Socket.[   12.592767] cloud-init[705]: Generating public/private ed25519 key pair.
[   12.594879] cloud-init[705]: Your identification has been saved in /etc/ssh/ssh_host_ed25519_key.
[   12.596334] cloud-init[705]: Your public key has been saved in /etc/ssh/ssh_host_ed25519_key.pub.
[   12.598253] cloud-init[705]: The key fingerprint is:
[   12.599622] cloud-init[705]: SHA256:NtlMdSd1/71mtKJbs0qxeIlMf4K3TeoANaM6SAaSj5M root@ubuntu-bionic
[   12.600466] cloud-init[705]: The key's randomart image is:
[   12.602002] cloud-init[705]: +--[ED25519 256]--+
[   12.602556] cloud-init[705]: |            . o.+|
[   12.602604] cloud-init[705]: | .         . . oo|

[   12.603251] cloud-init[705]: |o.       +.     .|
[   12.609753] cloud-init[705]: |.+.     o=o     o|
[   12.609916] cloud-init[705]: |E .o   oS.o.   .o|
[   12.611367] cloud-init[705]: | .o . ..+.= + . o|
[   12.611898] cloud-init[705]: |   . o   * O * = |
[   12.613113] cloud-init[705]: |      .   = X *  |
[   12.613198] cloud-init[705]: |          .Boo   |
[   12.614042] cloud-init[705]: +----[SHA256]-----+
[[0;32m  OK  [0m] Started Discard unused blocks once a week.
[[0;32m  OK  [0m] Started Daily Cleanup of Temporary Directories.
[[0;32m  OK  [0m] Reached target Paths.
         Starting LXD - unix socket.
[[0;32m  OK  [0m] Listening on Open-iSCSI iscsid Socket.
         Starting Socket activation for snappy daemon.
[[0;32m  OK  [0m] Listening on UUID daemon activation socket.
[[0;32m  OK  [0m] Listening on ACPID Listen Socket.
[[0;32m  OK  [0m] Reached target Timers.
[[0;32m  OK  [0m] Started Availability of block devices.
[[0;32m  OK  [0m] Listening on LXD - unix socket.
[[0;32m  OK  [0m] Listening on Socket activation for snappy daemon.
[[0;32m  OK  [0m] Reached target Sockets.
[[0;32m  OK  [0m] Reached target Basic System.
         Starting Accounts Service...
         Starting Virtualbox guest utils...
         Starting Permit User Sessions...
[[0;32m  OK  [0m] Started Regular background program processing daemon.
[[0;32m  OK  [0m] Started Deferred execution scheduler.
         Starting System Logging Service...
[[0;32m  OK  [0m] Started FUSE filesystem for LXC.
         Starting LSB: automatic crash report generation...
[[0;32m  OK  [0m] Started irqbalance daemon.
[[0;32m  OK  [0m] Started D-Bus System Message Bus.
         Starting LSB: Record successful boot for GRUB...
         Starting Snap Daemon...
         Starting Login Service...
         Starting Pollinate to seed the pseudo random number generator...
         Starting Dispatcher daemon for systemd-networkd...
         Starting LXD - container startup/shutdown...
[[0;32m  OK  [0m] Started System Logging Service.
[[0;32m  OK  [0m] Started Permit User Sessions.
[[0;32m  OK  [0m] Started Login Service.
[[0;32m  OK  [0m] Started Unattended Upgrades Shutdown.
         Starting Authorization Manager...
         Starting Terminate Plymouth Boot Screen...
         Starting Hold until boot process finishes up...
[[0;32m  OK  [0m] Started Hold until boot process finishes up.
         Starting Set console scheme...
[[0;32m  OK  [0m] Started Serial Getty on ttyS0.
[[0;32m  OK  [0m] Started Terminate Plymouth Boot Screen.
[[0;32m  OK  [0m] Started LSB: automatic crash report generation.
[[0;32m  OK  [0m] Started Authorization Manager.
[[0;32m  OK  [0m] Started Accounts Service.
[[0;32m  OK  [0m] Started Set console scheme.
[[0;32m  OK  [0m] Created slice system-getty.slice.
[[0;32m  OK  [0m] Started Getty on tty1.
[[0;32m  OK  [0m] Reached target Login Prompts.
[[0;32m  OK  [0m] Started Virtualbox guest utils.
[[0;32m  OK  [0m] Started LSB: Record successful boot for GRUB.
[[0;32m  OK  [0m] Started LXD - container startup/shutdown.
[[0;32m  OK  [0m] Started Dispatcher daemon for systemd-networkd.
[[0;32m  OK  [0m] Started Snap Daemon.
         Starting Wait until snapd is fully seeded...
[[0;32m  OK  [0m] Started Pollinate to seed the pseudo random number generator.
         Starting OpenBSD Secure Shell server...
[[0;32m  OK  [0m] Started OpenBSD Secure Shell server.
[[0;32m  OK  [0m] Started Wait until snapd is fully seeded.
         Starting Apply the settings specified in cloud-config...
[[0;32m  OK  [0m] Reached target Multi-User System.
[[0;32m  OK  [0m] Reached target Graphical Interface.
         Starting Update UTMP about System Runlevel Changes...
[[0;32m  OK  [0m] Started Update UTMP about System Runlevel Changes.
[[0;32m  OK  [0m] Created slice User Slice of vagrant.
         Starting User Manager for UID 1000...
[[0;32m  OK  [0m] Started Session 1 of user vagrant.
[[0;32m  OK  [0m] Started User Manager for UID 1000.
[   15.396688] cloud-init[1221]: Cloud-init v. 20.3-2-g371b392c-0ubuntu1~18.04.1 running 'modules:config' at Mon, 09 Nov 2020 17:49:34 +0000. Up 14.82 seconds.
[[0;32m  OK  [0m] Started Apply the settings specified in cloud-config.
         Starting Execute cloud user/final scripts...
ci-info: no authorized SSH keys fingerprints found for user ubuntu.
<14>Nov  9 17:49:35 ec2: 
<14>Nov  9 17:49:35 ec2: #############################################################
<14>Nov  9 17:49:35 ec2: -----BEGIN SSH HOST KEY FINGERPRINTS-----
<14>Nov  9 17:49:35 ec2: 1024 SHA256:/OmoleVF0Z3sK8LaxmzN6gWp0k0UsHt0cyRyjBbg9/0 root@ubuntu-bionic (DSA)
<14>Nov  9 17:49:35 ec2: 256 SHA256:TamOSd9bcc57Hm6an0bHKH1v6PamPB48jV/w78CvLck root@ubuntu-bionic (ECDSA)
<14>Nov  9 17:49:35 ec2: 256 SHA256:NtlMdSd1/71mtKJbs0qxeIlMf4K3TeoANaM6SAaSj5M root@ubuntu-bionic (ED25519)
<14>Nov  9 17:49:35 ec2: 2048 SHA256:fKr+m2ztgCKfhlqBOKcDntwzxjCZGOD26JS3xVwp7aU root@ubuntu-bionic (RSA)
<14>Nov  9 17:49:35 ec2: -----END SSH HOST KEY FINGERPRINTS-----
<14>Nov  9 17:49:35 ec2: #############################################################
-----BEGIN SSH HOST KEY KEYS-----
ecdsa-sha2-nistp256 AAAAE2VjZHNhLXNoYTItbmlzdHAyNTYAAAAIbmlzdHAyNTYAAABBBA2StdnBxUSDli9sJBiYokQ38wRCX/6DXFnfaLRaeD3NWekFdd+bd4X98RNP3C4pobHqyDU2Zh8lZITVpDTeqnU= root@ubuntu-bionic
ssh-ed25519 AAAAC3NzaC1lZDI1NTE5AAAAIDBvYVaFKYPBWbQBo9astSmAtKSyvK0707ZylmVNLSJR root@ubuntu-bionic
ssh-rsa AAAAB3NzaC1yc2EAAAADAQABAAABAQDxU61m1IgR8qY59v8PsYgwe2JGjMVwHllYk4twDEVLh1uiupdKldpHWkcje2Owzof/g4Q8OE4Y8LwzMncUwSUs9eCitwlZ8qI4vksoBC0UX/IK24Rtm3RaVRerehcqnc2Nte9i5jzmaDTq3Mjt7aUHEXu/RzDH26Gz9JTxsZ+p6ZAMpLfq8n+J/frXAAuATa81A/6TIX7/AgzmFJgeJRNp0UJi6z6W17HIMfGmnIBHm6ubk+eXiXvT8u+bqUW3qaFetSIphMEDEcHCfIYP5KCdjS3prJxTDloH+/8DEe9ftXpL/WBheKV/wtjR7kyDXGoLJQ0NB6EyfkmE21q9WftN root@ubuntu-bionic
-----END SSH HOST KEY KEYS-----
[   16.167780] cloud-init[1335]: Cloud-init v. 20.3-2-g371b392c-0ubuntu1~18.04.1 running 'modules:final' at Mon, 09 Nov 2020 17:49:35 +0000. Up 15.88 seconds.
[   16.170296] cloud-init[1335]: ci-info: no authorized SSH keys fingerprints found for user ubuntu.
[   16.181710] cloud-init[1335]: Cloud-init v. 20.3-2-g371b392c-0ubuntu1~18.04.1 finished at Mon, 09 Nov 2020 17:49:35 +0000. Datasource DataSourceNoCloud [seed=/dev/sdb][dsmode=net].  Up 16.15 seconds
[[0;32m  OK  [0m] Started Execute cloud user/final scripts.
[[0;32m  OK  [0m] Reached target Cloud-init target.

Ubuntu 18.04.5 LTS ubuntu-bionic ttyS0

ubuntu-bionic login: 